// Vitest Snapshot v1, https://vitest.dev/guide/snapshot.html

exports[`Collections > can filter by name 1`] = `
<ol
  data-testid="list"
>
  <li
    class="flex flex-row gap-x-4 px-gutter py-4 even:bg-subtle tablet:gap-x-6 tablet:px-6 items-center"
  >
    <a
      class="safari-border-radius-fix w-16 max-w-16 overflow-hidden rounded-[50%] shadow-all"
      href="/collections/friday-the-13th/"
    >
      <img
        alt="Friday the 13th"
        decoding="async"
        height="64"
        loading="lazy"
        src="/_image?/content%2Fassets%2Favatars%2Ffriday-the-13th.png%3ForigWidth%3D500%26origHeight%3D500%26origFormat%3Dpng&w=64&h=64&q=80&f=avif"
        srcset="/_image?/content%2Fassets%2Favatars%2Ffriday-the-13th.png%3ForigWidth%3D500%26origHeight%3D500%26origFormat%3Dpng&w=64&q=80&f=avif 1x, /_image?/content%2Fassets%2Favatars%2Ffriday-the-13th.png%3ForigWidth%3D500%26origHeight%3D500%26origFormat%3Dpng&w=128&q=80&f=avif 2x"
        width="64"
      />
    </a>
    <a
      class="text-md text-accent"
      href="/collections/friday-the-13th/"
    >
      <div
        class="leading-normal"
      >
        Friday the 13th
      </div>
    </a>
    <div
      class="ml-auto"
    >
      10
       / 
      12
    </div>
  </li>
</ol>
`;

exports[`Collections > can sort by name asc 1`] = `
<ol
  data-testid="list"
>
  <li
    class="flex flex-row gap-x-4 px-gutter py-4 even:bg-subtle tablet:gap-x-6 tablet:px-6 items-center"
  >
    <a
      class="safari-border-radius-fix w-16 max-w-16 overflow-hidden rounded-[50%] shadow-all"
      href="/collections/childs-play/"
    >
      <img
        alt="Child's Play"
        decoding="async"
        height="64"
        loading="lazy"
        src="/_image?/content%2Fassets%2Favatars%2Fchilds-play.png%3ForigWidth%3D500%26origHeight%3D500%26origFormat%3Dpng&w=64&h=64&q=80&f=avif"
        srcset="/_image?/content%2Fassets%2Favatars%2Fchilds-play.png%3ForigWidth%3D500%26origHeight%3D500%26origFormat%3Dpng&w=64&q=80&f=avif 1x, /_image?/content%2Fassets%2Favatars%2Fchilds-play.png%3ForigWidth%3D500%26origHeight%3D500%26origFormat%3Dpng&w=128&q=80&f=avif 2x"
        width="64"
      />
    </a>
    <a
      class="text-md text-accent"
      href="/collections/childs-play/"
    >
      <div
        class="leading-normal"
      >
        Child's Play
      </div>
    </a>
    <div
      class="ml-auto"
    >
      8
       / 
      8
    </div>
  </li>
  <li
    class="flex flex-row gap-x-4 px-gutter py-4 even:bg-subtle tablet:gap-x-6 tablet:px-6 items-center"
  >
    <a
      class="safari-border-radius-fix w-16 max-w-16 overflow-hidden rounded-[50%] shadow-all"
      href="/collections/friday-the-13th/"
    >
      <img
        alt="Friday the 13th"
        decoding="async"
        height="64"
        loading="lazy"
        src="/_image?/content%2Fassets%2Favatars%2Ffriday-the-13th.png%3ForigWidth%3D500%26origHeight%3D500%26origFormat%3Dpng&w=64&h=64&q=80&f=avif"
        srcset="/_image?/content%2Fassets%2Favatars%2Ffriday-the-13th.png%3ForigWidth%3D500%26origHeight%3D500%26origFormat%3Dpng&w=64&q=80&f=avif 1x, /_image?/content%2Fassets%2Favatars%2Ffriday-the-13th.png%3ForigWidth%3D500%26origHeight%3D500%26origFormat%3Dpng&w=128&q=80&f=avif 2x"
        width="64"
      />
    </a>
    <a
      class="text-md text-accent"
      href="/collections/friday-the-13th/"
    >
      <div
        class="leading-normal"
      >
        Friday the 13th
      </div>
    </a>
    <div
      class="ml-auto"
    >
      10
       / 
      12
    </div>
  </li>
  <li
    class="flex flex-row gap-x-4 px-gutter py-4 even:bg-subtle tablet:gap-x-6 tablet:px-6 items-center"
  >
    <a
      class="safari-border-radius-fix w-16 max-w-16 overflow-hidden rounded-[50%] shadow-all"
      href="/collections/halloween/"
    >
      <img
        alt="Halloween"
        decoding="async"
        height="64"
        loading="lazy"
        src="/_image?/content%2Fassets%2Favatars%2Fhalloween.png%3ForigWidth%3D500%26origHeight%3D500%26origFormat%3Dpng&w=64&h=64&q=80&f=avif"
        srcset="/_image?/content%2Fassets%2Favatars%2Fhalloween.png%3ForigWidth%3D500%26origHeight%3D500%26origFormat%3Dpng&w=64&q=80&f=avif 1x, /_image?/content%2Fassets%2Favatars%2Fhalloween.png%3ForigWidth%3D500%26origHeight%3D500%26origFormat%3Dpng&w=128&q=80&f=avif 2x"
        width="64"
      />
    </a>
    <a
      class="text-md text-accent"
      href="/collections/halloween/"
    >
      <div
        class="leading-normal"
      >
        Halloween
      </div>
    </a>
    <div
      class="ml-auto"
    >
      6
       / 
      13
    </div>
  </li>
  <li
    class="flex flex-row gap-x-4 px-gutter py-4 even:bg-subtle tablet:gap-x-6 tablet:px-6 items-center"
  >
    <a
      class="safari-border-radius-fix w-16 max-w-16 overflow-hidden rounded-[50%] shadow-all"
      href="/collections/hammer-films/"
    >
      <img
        alt="Hammer Films"
        decoding="async"
        height="64"
        loading="lazy"
        src="/_image?/content%2Fassets%2Favatars%2Fhammer-films.png%3ForigWidth%3D500%26origHeight%3D500%26origFormat%3Dpng&w=64&h=64&q=80&f=avif"
        srcset="/_image?/content%2Fassets%2Favatars%2Fhammer-films.png%3ForigWidth%3D500%26origHeight%3D500%26origFormat%3Dpng&w=64&q=80&f=avif 1x, /_image?/content%2Fassets%2Favatars%2Fhammer-films.png%3ForigWidth%3D500%26origHeight%3D500%26origFormat%3Dpng&w=128&q=80&f=avif 2x"
        width="64"
      />
    </a>
    <a
      class="text-md text-accent"
      href="/collections/hammer-films/"
    >
      <div
        class="leading-normal"
      >
        Hammer Films
      </div>
    </a>
    <div
      class="ml-auto"
    >
      10
       / 
      94
    </div>
  </li>
  <li
    class="flex flex-row gap-x-4 px-gutter py-4 even:bg-subtle tablet:gap-x-6 tablet:px-6 items-center"
  >
    <a
      class="safari-border-radius-fix w-16 max-w-16 overflow-hidden rounded-[50%] shadow-all"
      href="/collections/hatchet/"
    >
      <img
        alt="Hatchet"
        decoding="async"
        height="64"
        loading="lazy"
        src="/_image?/content%2Fassets%2Favatars%2Fhatchet.png%3ForigWidth%3D500%26origHeight%3D500%26origFormat%3Dpng&w=64&h=64&q=80&f=avif"
        srcset="/_image?/content%2Fassets%2Favatars%2Fhatchet.png%3ForigWidth%3D500%26origHeight%3D500%26origFormat%3Dpng&w=64&q=80&f=avif 1x, /_image?/content%2Fassets%2Favatars%2Fhatchet.png%3ForigWidth%3D500%26origHeight%3D500%26origFormat%3Dpng&w=128&q=80&f=avif 2x"
        width="64"
      />
    </a>
    <a
      class="text-md text-accent"
      href="/collections/hatchet/"
    >
      <div
        class="leading-normal"
      >
        Hatchet
      </div>
    </a>
    <div
      class="ml-auto"
    >
      4
       / 
      4
    </div>
  </li>
  <li
    class="flex flex-row gap-x-4 px-gutter py-4 even:bg-subtle tablet:gap-x-6 tablet:px-6 items-center"
  >
    <a
      class="safari-border-radius-fix w-16 max-w-16 overflow-hidden rounded-[50%] shadow-all"
      href="/collections/james-bond/"
    >
      <img
        alt="James Bond"
        decoding="async"
        height="64"
        loading="lazy"
        src="/_image?/content%2Fassets%2Favatars%2Fjames-bond.png%3ForigWidth%3D500%26origHeight%3D500%26origFormat%3Dpng&w=64&h=64&q=80&f=avif"
        srcset="/_image?/content%2Fassets%2Favatars%2Fjames-bond.png%3ForigWidth%3D500%26origHeight%3D500%26origFormat%3Dpng&w=64&q=80&f=avif 1x, /_image?/content%2Fassets%2Favatars%2Fjames-bond.png%3ForigWidth%3D500%26origHeight%3D500%26origFormat%3Dpng&w=128&q=80&f=avif 2x"
        width="64"
      />
    </a>
    <a
      class="text-md text-accent"
      href="/collections/james-bond/"
    >
      <div
        class="leading-normal"
      >
        James Bond
      </div>
    </a>
    <div
      class="ml-auto"
    >
      6
       / 
      27
    </div>
  </li>
  <li
    class="flex flex-row gap-x-4 px-gutter py-4 even:bg-subtle tablet:gap-x-6 tablet:px-6 items-center"
  >
    <a
      class="safari-border-radius-fix w-16 max-w-16 overflow-hidden rounded-[50%] shadow-all"
      href="/collections/phantasm/"
    >
      <img
        alt="Phantasm"
        decoding="async"
        height="64"
        loading="lazy"
        src="/_image?/content%2Fassets%2Favatars%2Fphantasm.png%3ForigWidth%3D500%26origHeight%3D500%26origFormat%3Dpng&w=64&h=64&q=80&f=avif"
        srcset="/_image?/content%2Fassets%2Favatars%2Fphantasm.png%3ForigWidth%3D500%26origHeight%3D500%26origFormat%3Dpng&w=64&q=80&f=avif 1x, /_image?/content%2Fassets%2Favatars%2Fphantasm.png%3ForigWidth%3D500%26origHeight%3D500%26origFormat%3Dpng&w=128&q=80&f=avif 2x"
        width="64"
      />
    </a>
    <a
      class="text-md text-accent"
      href="/collections/phantasm/"
    >
      <div
        class="leading-normal"
      >
        Phantasm
      </div>
    </a>
    <div
      class="ml-auto"
    >
      5
       / 
      5
    </div>
  </li>
  <li
    class="flex flex-row gap-x-4 px-gutter py-4 even:bg-subtle tablet:gap-x-6 tablet:px-6 items-center"
  >
    <a
      class="safari-border-radius-fix w-16 max-w-16 overflow-hidden rounded-[50%] shadow-all"
      href="/collections/saw/"
    >
      <img
        alt="Saw"
        decoding="async"
        height="64"
        loading="lazy"
        src="/_image?/content%2Fassets%2Favatars%2Fsaw.png%3ForigWidth%3D500%26origHeight%3D500%26origFormat%3Dpng&w=64&h=64&q=80&f=avif"
        srcset="/_image?/content%2Fassets%2Favatars%2Fsaw.png%3ForigWidth%3D500%26origHeight%3D500%26origFormat%3Dpng&w=64&q=80&f=avif 1x, /_image?/content%2Fassets%2Favatars%2Fsaw.png%3ForigWidth%3D500%26origHeight%3D500%26origFormat%3Dpng&w=128&q=80&f=avif 2x"
        width="64"
      />
    </a>
    <a
      class="text-md text-accent"
      href="/collections/saw/"
    >
      <div
        class="leading-normal"
      >
        Saw
      </div>
    </a>
    <div
      class="ml-auto"
    >
      7
       / 
      9
    </div>
  </li>
  <li
    class="flex flex-row gap-x-4 px-gutter py-4 even:bg-subtle tablet:gap-x-6 tablet:px-6 items-center"
  >
    <a
      class="safari-border-radius-fix w-16 max-w-16 overflow-hidden rounded-[50%] shadow-all"
      href="/collections/shaw-brothers/"
    >
      <img
        alt="Shaw Brothers"
        decoding="async"
        height="64"
        loading="lazy"
        src="/_image?/content%2Fassets%2Favatars%2Fshaw-brothers.png%3ForigWidth%3D500%26origHeight%3D500%26origFormat%3Dpng&w=64&h=64&q=80&f=avif"
        srcset="/_image?/content%2Fassets%2Favatars%2Fshaw-brothers.png%3ForigWidth%3D500%26origHeight%3D500%26origFormat%3Dpng&w=64&q=80&f=avif 1x, /_image?/content%2Fassets%2Favatars%2Fshaw-brothers.png%3ForigWidth%3D500%26origHeight%3D500%26origFormat%3Dpng&w=128&q=80&f=avif 2x"
        width="64"
      />
    </a>
    <a
      class="text-md text-accent"
      href="/collections/shaw-brothers/"
    >
      <div
        class="leading-normal"
      >
        Shaw Brothers
      </div>
    </a>
    <div
      class="ml-auto"
    >
      7
       / 
      208
    </div>
  </li>
  <li
    class="flex flex-row gap-x-4 px-gutter py-4 even:bg-subtle tablet:gap-x-6 tablet:px-6 items-center"
  >
    <a
      class="safari-border-radius-fix w-16 max-w-16 overflow-hidden rounded-[50%] shadow-all"
      href="/collections/universal-monsters/"
    >
      <img
        alt="Universal Monsters"
        decoding="async"
        height="64"
        loading="lazy"
        src="/_image?/content%2Fassets%2Favatars%2Funiversal-monsters.png%3ForigWidth%3D500%26origHeight%3D500%26origFormat%3Dpng&w=64&h=64&q=80&f=avif"
        srcset="/_image?/content%2Fassets%2Favatars%2Funiversal-monsters.png%3ForigWidth%3D500%26origHeight%3D500%26origFormat%3Dpng&w=64&q=80&f=avif 1x, /_image?/content%2Fassets%2Favatars%2Funiversal-monsters.png%3ForigWidth%3D500%26origHeight%3D500%26origFormat%3Dpng&w=128&q=80&f=avif 2x"
        width="64"
      />
    </a>
    <a
      class="text-md text-accent"
      href="/collections/universal-monsters/"
    >
      <div
        class="leading-normal"
      >
        Universal Monsters
      </div>
    </a>
    <div
      class="ml-auto"
    >
      3
       / 
      29
    </div>
  </li>
</ol>
`;

exports[`Collections > can sort by name desc 1`] = `
<ol
  data-testid="list"
>
  <li
    class="flex flex-row gap-x-4 px-gutter py-4 even:bg-subtle tablet:gap-x-6 tablet:px-6 items-center"
  >
    <a
      class="safari-border-radius-fix w-16 max-w-16 overflow-hidden rounded-[50%] shadow-all"
      href="/collections/universal-monsters/"
    >
      <img
        alt="Universal Monsters"
        decoding="async"
        height="64"
        loading="lazy"
        src="/_image?/content%2Fassets%2Favatars%2Funiversal-monsters.png%3ForigWidth%3D500%26origHeight%3D500%26origFormat%3Dpng&w=64&h=64&q=80&f=avif"
        srcset="/_image?/content%2Fassets%2Favatars%2Funiversal-monsters.png%3ForigWidth%3D500%26origHeight%3D500%26origFormat%3Dpng&w=64&q=80&f=avif 1x, /_image?/content%2Fassets%2Favatars%2Funiversal-monsters.png%3ForigWidth%3D500%26origHeight%3D500%26origFormat%3Dpng&w=128&q=80&f=avif 2x"
        width="64"
      />
    </a>
    <a
      class="text-md text-accent"
      href="/collections/universal-monsters/"
    >
      <div
        class="leading-normal"
      >
        Universal Monsters
      </div>
    </a>
    <div
      class="ml-auto"
    >
      3
       / 
      29
    </div>
  </li>
  <li
    class="flex flex-row gap-x-4 px-gutter py-4 even:bg-subtle tablet:gap-x-6 tablet:px-6 items-center"
  >
    <a
      class="safari-border-radius-fix w-16 max-w-16 overflow-hidden rounded-[50%] shadow-all"
      href="/collections/shaw-brothers/"
    >
      <img
        alt="Shaw Brothers"
        decoding="async"
        height="64"
        loading="lazy"
        src="/_image?/content%2Fassets%2Favatars%2Fshaw-brothers.png%3ForigWidth%3D500%26origHeight%3D500%26origFormat%3Dpng&w=64&h=64&q=80&f=avif"
        srcset="/_image?/content%2Fassets%2Favatars%2Fshaw-brothers.png%3ForigWidth%3D500%26origHeight%3D500%26origFormat%3Dpng&w=64&q=80&f=avif 1x, /_image?/content%2Fassets%2Favatars%2Fshaw-brothers.png%3ForigWidth%3D500%26origHeight%3D500%26origFormat%3Dpng&w=128&q=80&f=avif 2x"
        width="64"
      />
    </a>
    <a
      class="text-md text-accent"
      href="/collections/shaw-brothers/"
    >
      <div
        class="leading-normal"
      >
        Shaw Brothers
      </div>
    </a>
    <div
      class="ml-auto"
    >
      7
       / 
      208
    </div>
  </li>
  <li
    class="flex flex-row gap-x-4 px-gutter py-4 even:bg-subtle tablet:gap-x-6 tablet:px-6 items-center"
  >
    <a
      class="safari-border-radius-fix w-16 max-w-16 overflow-hidden rounded-[50%] shadow-all"
      href="/collections/saw/"
    >
      <img
        alt="Saw"
        decoding="async"
        height="64"
        loading="lazy"
        src="/_image?/content%2Fassets%2Favatars%2Fsaw.png%3ForigWidth%3D500%26origHeight%3D500%26origFormat%3Dpng&w=64&h=64&q=80&f=avif"
        srcset="/_image?/content%2Fassets%2Favatars%2Fsaw.png%3ForigWidth%3D500%26origHeight%3D500%26origFormat%3Dpng&w=64&q=80&f=avif 1x, /_image?/content%2Fassets%2Favatars%2Fsaw.png%3ForigWidth%3D500%26origHeight%3D500%26origFormat%3Dpng&w=128&q=80&f=avif 2x"
        width="64"
      />
    </a>
    <a
      class="text-md text-accent"
      href="/collections/saw/"
    >
      <div
        class="leading-normal"
      >
        Saw
      </div>
    </a>
    <div
      class="ml-auto"
    >
      7
       / 
      9
    </div>
  </li>
  <li
    class="flex flex-row gap-x-4 px-gutter py-4 even:bg-subtle tablet:gap-x-6 tablet:px-6 items-center"
  >
    <a
      class="safari-border-radius-fix w-16 max-w-16 overflow-hidden rounded-[50%] shadow-all"
      href="/collections/phantasm/"
    >
      <img
        alt="Phantasm"
        decoding="async"
        height="64"
        loading="lazy"
        src="/_image?/content%2Fassets%2Favatars%2Fphantasm.png%3ForigWidth%3D500%26origHeight%3D500%26origFormat%3Dpng&w=64&h=64&q=80&f=avif"
        srcset="/_image?/content%2Fassets%2Favatars%2Fphantasm.png%3ForigWidth%3D500%26origHeight%3D500%26origFormat%3Dpng&w=64&q=80&f=avif 1x, /_image?/content%2Fassets%2Favatars%2Fphantasm.png%3ForigWidth%3D500%26origHeight%3D500%26origFormat%3Dpng&w=128&q=80&f=avif 2x"
        width="64"
      />
    </a>
    <a
      class="text-md text-accent"
      href="/collections/phantasm/"
    >
      <div
        class="leading-normal"
      >
        Phantasm
      </div>
    </a>
    <div
      class="ml-auto"
    >
      5
       / 
      5
    </div>
  </li>
  <li
    class="flex flex-row gap-x-4 px-gutter py-4 even:bg-subtle tablet:gap-x-6 tablet:px-6 items-center"
  >
    <a
      class="safari-border-radius-fix w-16 max-w-16 overflow-hidden rounded-[50%] shadow-all"
      href="/collections/james-bond/"
    >
      <img
        alt="James Bond"
        decoding="async"
        height="64"
        loading="lazy"
        src="/_image?/content%2Fassets%2Favatars%2Fjames-bond.png%3ForigWidth%3D500%26origHeight%3D500%26origFormat%3Dpng&w=64&h=64&q=80&f=avif"
        srcset="/_image?/content%2Fassets%2Favatars%2Fjames-bond.png%3ForigWidth%3D500%26origHeight%3D500%26origFormat%3Dpng&w=64&q=80&f=avif 1x, /_image?/content%2Fassets%2Favatars%2Fjames-bond.png%3ForigWidth%3D500%26origHeight%3D500%26origFormat%3Dpng&w=128&q=80&f=avif 2x"
        width="64"
      />
    </a>
    <a
      class="text-md text-accent"
      href="/collections/james-bond/"
    >
      <div
        class="leading-normal"
      >
        James Bond
      </div>
    </a>
    <div
      class="ml-auto"
    >
      6
       / 
      27
    </div>
  </li>
  <li
    class="flex flex-row gap-x-4 px-gutter py-4 even:bg-subtle tablet:gap-x-6 tablet:px-6 items-center"
  >
    <a
      class="safari-border-radius-fix w-16 max-w-16 overflow-hidden rounded-[50%] shadow-all"
      href="/collections/hatchet/"
    >
      <img
        alt="Hatchet"
        decoding="async"
        height="64"
        loading="lazy"
        src="/_image?/content%2Fassets%2Favatars%2Fhatchet.png%3ForigWidth%3D500%26origHeight%3D500%26origFormat%3Dpng&w=64&h=64&q=80&f=avif"
        srcset="/_image?/content%2Fassets%2Favatars%2Fhatchet.png%3ForigWidth%3D500%26origHeight%3D500%26origFormat%3Dpng&w=64&q=80&f=avif 1x, /_image?/content%2Fassets%2Favatars%2Fhatchet.png%3ForigWidth%3D500%26origHeight%3D500%26origFormat%3Dpng&w=128&q=80&f=avif 2x"
        width="64"
      />
    </a>
    <a
      class="text-md text-accent"
      href="/collections/hatchet/"
    >
      <div
        class="leading-normal"
      >
        Hatchet
      </div>
    </a>
    <div
      class="ml-auto"
    >
      4
       / 
      4
    </div>
  </li>
  <li
    class="flex flex-row gap-x-4 px-gutter py-4 even:bg-subtle tablet:gap-x-6 tablet:px-6 items-center"
  >
    <a
      class="safari-border-radius-fix w-16 max-w-16 overflow-hidden rounded-[50%] shadow-all"
      href="/collections/hammer-films/"
    >
      <img
        alt="Hammer Films"
        decoding="async"
        height="64"
        loading="lazy"
        src="/_image?/content%2Fassets%2Favatars%2Fhammer-films.png%3ForigWidth%3D500%26origHeight%3D500%26origFormat%3Dpng&w=64&h=64&q=80&f=avif"
        srcset="/_image?/content%2Fassets%2Favatars%2Fhammer-films.png%3ForigWidth%3D500%26origHeight%3D500%26origFormat%3Dpng&w=64&q=80&f=avif 1x, /_image?/content%2Fassets%2Favatars%2Fhammer-films.png%3ForigWidth%3D500%26origHeight%3D500%26origFormat%3Dpng&w=128&q=80&f=avif 2x"
        width="64"
      />
    </a>
    <a
      class="text-md text-accent"
      href="/collections/hammer-films/"
    >
      <div
        class="leading-normal"
      >
        Hammer Films
      </div>
    </a>
    <div
      class="ml-auto"
    >
      10
       / 
      94
    </div>
  </li>
  <li
    class="flex flex-row gap-x-4 px-gutter py-4 even:bg-subtle tablet:gap-x-6 tablet:px-6 items-center"
  >
    <a
      class="safari-border-radius-fix w-16 max-w-16 overflow-hidden rounded-[50%] shadow-all"
      href="/collections/halloween/"
    >
      <img
        alt="Halloween"
        decoding="async"
        height="64"
        loading="lazy"
        src="/_image?/content%2Fassets%2Favatars%2Fhalloween.png%3ForigWidth%3D500%26origHeight%3D500%26origFormat%3Dpng&w=64&h=64&q=80&f=avif"
        srcset="/_image?/content%2Fassets%2Favatars%2Fhalloween.png%3ForigWidth%3D500%26origHeight%3D500%26origFormat%3Dpng&w=64&q=80&f=avif 1x, /_image?/content%2Fassets%2Favatars%2Fhalloween.png%3ForigWidth%3D500%26origHeight%3D500%26origFormat%3Dpng&w=128&q=80&f=avif 2x"
        width="64"
      />
    </a>
    <a
      class="text-md text-accent"
      href="/collections/halloween/"
    >
      <div
        class="leading-normal"
      >
        Halloween
      </div>
    </a>
    <div
      class="ml-auto"
    >
      6
       / 
      13
    </div>
  </li>
  <li
    class="flex flex-row gap-x-4 px-gutter py-4 even:bg-subtle tablet:gap-x-6 tablet:px-6 items-center"
  >
    <a
      class="safari-border-radius-fix w-16 max-w-16 overflow-hidden rounded-[50%] shadow-all"
      href="/collections/friday-the-13th/"
    >
      <img
        alt="Friday the 13th"
        decoding="async"
        height="64"
        loading="lazy"
        src="/_image?/content%2Fassets%2Favatars%2Ffriday-the-13th.png%3ForigWidth%3D500%26origHeight%3D500%26origFormat%3Dpng&w=64&h=64&q=80&f=avif"
        srcset="/_image?/content%2Fassets%2Favatars%2Ffriday-the-13th.png%3ForigWidth%3D500%26origHeight%3D500%26origFormat%3Dpng&w=64&q=80&f=avif 1x, /_image?/content%2Fassets%2Favatars%2Ffriday-the-13th.png%3ForigWidth%3D500%26origHeight%3D500%26origFormat%3Dpng&w=128&q=80&f=avif 2x"
        width="64"
      />
    </a>
    <a
      class="text-md text-accent"
      href="/collections/friday-the-13th/"
    >
      <div
        class="leading-normal"
      >
        Friday the 13th
      </div>
    </a>
    <div
      class="ml-auto"
    >
      10
       / 
      12
    </div>
  </li>
  <li
    class="flex flex-row gap-x-4 px-gutter py-4 even:bg-subtle tablet:gap-x-6 tablet:px-6 items-center"
  >
    <a
      class="safari-border-radius-fix w-16 max-w-16 overflow-hidden rounded-[50%] shadow-all"
      href="/collections/childs-play/"
    >
      <img
        alt="Child's Play"
        decoding="async"
        height="64"
        loading="lazy"
        src="/_image?/content%2Fassets%2Favatars%2Fchilds-play.png%3ForigWidth%3D500%26origHeight%3D500%26origFormat%3Dpng&w=64&h=64&q=80&f=avif"
        srcset="/_image?/content%2Fassets%2Favatars%2Fchilds-play.png%3ForigWidth%3D500%26origHeight%3D500%26origFormat%3Dpng&w=64&q=80&f=avif 1x, /_image?/content%2Fassets%2Favatars%2Fchilds-play.png%3ForigWidth%3D500%26origHeight%3D500%26origFormat%3Dpng&w=128&q=80&f=avif 2x"
        width="64"
      />
    </a>
    <a
      class="text-md text-accent"
      href="/collections/childs-play/"
    >
      <div
        class="leading-normal"
      >
        Child's Play
      </div>
    </a>
    <div
      class="ml-auto"
    >
      8
       / 
      8
    </div>
  </li>
</ol>
`;

exports[`Collections > can sort by review count asc 1`] = `
<ol
  data-testid="list"
>
  <li
    class="flex flex-row gap-x-4 px-gutter py-4 even:bg-subtle tablet:gap-x-6 tablet:px-6 items-center"
  >
    <a
      class="safari-border-radius-fix w-16 max-w-16 overflow-hidden rounded-[50%] shadow-all"
      href="/collections/universal-monsters/"
    >
      <img
        alt="Universal Monsters"
        decoding="async"
        height="64"
        loading="lazy"
        src="/_image?/content%2Fassets%2Favatars%2Funiversal-monsters.png%3ForigWidth%3D500%26origHeight%3D500%26origFormat%3Dpng&w=64&h=64&q=80&f=avif"
        srcset="/_image?/content%2Fassets%2Favatars%2Funiversal-monsters.png%3ForigWidth%3D500%26origHeight%3D500%26origFormat%3Dpng&w=64&q=80&f=avif 1x, /_image?/content%2Fassets%2Favatars%2Funiversal-monsters.png%3ForigWidth%3D500%26origHeight%3D500%26origFormat%3Dpng&w=128&q=80&f=avif 2x"
        width="64"
      />
    </a>
    <a
      class="text-md text-accent"
      href="/collections/universal-monsters/"
    >
      <div
        class="leading-normal"
      >
        Universal Monsters
      </div>
    </a>
    <div
      class="ml-auto"
    >
      3
       / 
      29
    </div>
  </li>
  <li
    class="flex flex-row gap-x-4 px-gutter py-4 even:bg-subtle tablet:gap-x-6 tablet:px-6 items-center"
  >
    <a
      class="safari-border-radius-fix w-16 max-w-16 overflow-hidden rounded-[50%] shadow-all"
      href="/collections/hatchet/"
    >
      <img
        alt="Hatchet"
        decoding="async"
        height="64"
        loading="lazy"
        src="/_image?/content%2Fassets%2Favatars%2Fhatchet.png%3ForigWidth%3D500%26origHeight%3D500%26origFormat%3Dpng&w=64&h=64&q=80&f=avif"
        srcset="/_image?/content%2Fassets%2Favatars%2Fhatchet.png%3ForigWidth%3D500%26origHeight%3D500%26origFormat%3Dpng&w=64&q=80&f=avif 1x, /_image?/content%2Fassets%2Favatars%2Fhatchet.png%3ForigWidth%3D500%26origHeight%3D500%26origFormat%3Dpng&w=128&q=80&f=avif 2x"
        width="64"
      />
    </a>
    <a
      class="text-md text-accent"
      href="/collections/hatchet/"
    >
      <div
        class="leading-normal"
      >
        Hatchet
      </div>
    </a>
    <div
      class="ml-auto"
    >
      4
       / 
      4
    </div>
  </li>
  <li
    class="flex flex-row gap-x-4 px-gutter py-4 even:bg-subtle tablet:gap-x-6 tablet:px-6 items-center"
  >
    <a
      class="safari-border-radius-fix w-16 max-w-16 overflow-hidden rounded-[50%] shadow-all"
      href="/collections/phantasm/"
    >
      <img
        alt="Phantasm"
        decoding="async"
        height="64"
        loading="lazy"
        src="/_image?/content%2Fassets%2Favatars%2Fphantasm.png%3ForigWidth%3D500%26origHeight%3D500%26origFormat%3Dpng&w=64&h=64&q=80&f=avif"
        srcset="/_image?/content%2Fassets%2Favatars%2Fphantasm.png%3ForigWidth%3D500%26origHeight%3D500%26origFormat%3Dpng&w=64&q=80&f=avif 1x, /_image?/content%2Fassets%2Favatars%2Fphantasm.png%3ForigWidth%3D500%26origHeight%3D500%26origFormat%3Dpng&w=128&q=80&f=avif 2x"
        width="64"
      />
    </a>
    <a
      class="text-md text-accent"
      href="/collections/phantasm/"
    >
      <div
        class="leading-normal"
      >
        Phantasm
      </div>
    </a>
    <div
      class="ml-auto"
    >
      5
       / 
      5
    </div>
  </li>
  <li
    class="flex flex-row gap-x-4 px-gutter py-4 even:bg-subtle tablet:gap-x-6 tablet:px-6 items-center"
  >
    <a
      class="safari-border-radius-fix w-16 max-w-16 overflow-hidden rounded-[50%] shadow-all"
      href="/collections/halloween/"
    >
      <img
        alt="Halloween"
        decoding="async"
        height="64"
        loading="lazy"
        src="/_image?/content%2Fassets%2Favatars%2Fhalloween.png%3ForigWidth%3D500%26origHeight%3D500%26origFormat%3Dpng&w=64&h=64&q=80&f=avif"
        srcset="/_image?/content%2Fassets%2Favatars%2Fhalloween.png%3ForigWidth%3D500%26origHeight%3D500%26origFormat%3Dpng&w=64&q=80&f=avif 1x, /_image?/content%2Fassets%2Favatars%2Fhalloween.png%3ForigWidth%3D500%26origHeight%3D500%26origFormat%3Dpng&w=128&q=80&f=avif 2x"
        width="64"
      />
    </a>
    <a
      class="text-md text-accent"
      href="/collections/halloween/"
    >
      <div
        class="leading-normal"
      >
        Halloween
      </div>
    </a>
    <div
      class="ml-auto"
    >
      6
       / 
      13
    </div>
  </li>
  <li
    class="flex flex-row gap-x-4 px-gutter py-4 even:bg-subtle tablet:gap-x-6 tablet:px-6 items-center"
  >
    <a
      class="safari-border-radius-fix w-16 max-w-16 overflow-hidden rounded-[50%] shadow-all"
      href="/collections/james-bond/"
    >
      <img
        alt="James Bond"
        decoding="async"
        height="64"
        loading="lazy"
        src="/_image?/content%2Fassets%2Favatars%2Fjames-bond.png%3ForigWidth%3D500%26origHeight%3D500%26origFormat%3Dpng&w=64&h=64&q=80&f=avif"
        srcset="/_image?/content%2Fassets%2Favatars%2Fjames-bond.png%3ForigWidth%3D500%26origHeight%3D500%26origFormat%3Dpng&w=64&q=80&f=avif 1x, /_image?/content%2Fassets%2Favatars%2Fjames-bond.png%3ForigWidth%3D500%26origHeight%3D500%26origFormat%3Dpng&w=128&q=80&f=avif 2x"
        width="64"
      />
    </a>
    <a
      class="text-md text-accent"
      href="/collections/james-bond/"
    >
      <div
        class="leading-normal"
      >
        James Bond
      </div>
    </a>
    <div
      class="ml-auto"
    >
      6
       / 
      27
    </div>
  </li>
  <li
    class="flex flex-row gap-x-4 px-gutter py-4 even:bg-subtle tablet:gap-x-6 tablet:px-6 items-center"
  >
    <a
      class="safari-border-radius-fix w-16 max-w-16 overflow-hidden rounded-[50%] shadow-all"
      href="/collections/saw/"
    >
      <img
        alt="Saw"
        decoding="async"
        height="64"
        loading="lazy"
        src="/_image?/content%2Fassets%2Favatars%2Fsaw.png%3ForigWidth%3D500%26origHeight%3D500%26origFormat%3Dpng&w=64&h=64&q=80&f=avif"
        srcset="/_image?/content%2Fassets%2Favatars%2Fsaw.png%3ForigWidth%3D500%26origHeight%3D500%26origFormat%3Dpng&w=64&q=80&f=avif 1x, /_image?/content%2Fassets%2Favatars%2Fsaw.png%3ForigWidth%3D500%26origHeight%3D500%26origFormat%3Dpng&w=128&q=80&f=avif 2x"
        width="64"
      />
    </a>
    <a
      class="text-md text-accent"
      href="/collections/saw/"
    >
      <div
        class="leading-normal"
      >
        Saw
      </div>
    </a>
    <div
      class="ml-auto"
    >
      7
       / 
      9
    </div>
  </li>
  <li
    class="flex flex-row gap-x-4 px-gutter py-4 even:bg-subtle tablet:gap-x-6 tablet:px-6 items-center"
  >
    <a
      class="safari-border-radius-fix w-16 max-w-16 overflow-hidden rounded-[50%] shadow-all"
      href="/collections/shaw-brothers/"
    >
      <img
        alt="Shaw Brothers"
        decoding="async"
        height="64"
        loading="lazy"
        src="/_image?/content%2Fassets%2Favatars%2Fshaw-brothers.png%3ForigWidth%3D500%26origHeight%3D500%26origFormat%3Dpng&w=64&h=64&q=80&f=avif"
        srcset="/_image?/content%2Fassets%2Favatars%2Fshaw-brothers.png%3ForigWidth%3D500%26origHeight%3D500%26origFormat%3Dpng&w=64&q=80&f=avif 1x, /_image?/content%2Fassets%2Favatars%2Fshaw-brothers.png%3ForigWidth%3D500%26origHeight%3D500%26origFormat%3Dpng&w=128&q=80&f=avif 2x"
        width="64"
      />
    </a>
    <a
      class="text-md text-accent"
      href="/collections/shaw-brothers/"
    >
      <div
        class="leading-normal"
      >
        Shaw Brothers
      </div>
    </a>
    <div
      class="ml-auto"
    >
      7
       / 
      208
    </div>
  </li>
  <li
    class="flex flex-row gap-x-4 px-gutter py-4 even:bg-subtle tablet:gap-x-6 tablet:px-6 items-center"
  >
    <a
      class="safari-border-radius-fix w-16 max-w-16 overflow-hidden rounded-[50%] shadow-all"
      href="/collections/childs-play/"
    >
      <img
        alt="Child's Play"
        decoding="async"
        height="64"
        loading="lazy"
        src="/_image?/content%2Fassets%2Favatars%2Fchilds-play.png%3ForigWidth%3D500%26origHeight%3D500%26origFormat%3Dpng&w=64&h=64&q=80&f=avif"
        srcset="/_image?/content%2Fassets%2Favatars%2Fchilds-play.png%3ForigWidth%3D500%26origHeight%3D500%26origFormat%3Dpng&w=64&q=80&f=avif 1x, /_image?/content%2Fassets%2Favatars%2Fchilds-play.png%3ForigWidth%3D500%26origHeight%3D500%26origFormat%3Dpng&w=128&q=80&f=avif 2x"
        width="64"
      />
    </a>
    <a
      class="text-md text-accent"
      href="/collections/childs-play/"
    >
      <div
        class="leading-normal"
      >
        Child's Play
      </div>
    </a>
    <div
      class="ml-auto"
    >
      8
       / 
      8
    </div>
  </li>
  <li
    class="flex flex-row gap-x-4 px-gutter py-4 even:bg-subtle tablet:gap-x-6 tablet:px-6 items-center"
  >
    <a
      class="safari-border-radius-fix w-16 max-w-16 overflow-hidden rounded-[50%] shadow-all"
      href="/collections/friday-the-13th/"
    >
      <img
        alt="Friday the 13th"
        decoding="async"
        height="64"
        loading="lazy"
        src="/_image?/content%2Fassets%2Favatars%2Ffriday-the-13th.png%3ForigWidth%3D500%26origHeight%3D500%26origFormat%3Dpng&w=64&h=64&q=80&f=avif"
        srcset="/_image?/content%2Fassets%2Favatars%2Ffriday-the-13th.png%3ForigWidth%3D500%26origHeight%3D500%26origFormat%3Dpng&w=64&q=80&f=avif 1x, /_image?/content%2Fassets%2Favatars%2Ffriday-the-13th.png%3ForigWidth%3D500%26origHeight%3D500%26origFormat%3Dpng&w=128&q=80&f=avif 2x"
        width="64"
      />
    </a>
    <a
      class="text-md text-accent"
      href="/collections/friday-the-13th/"
    >
      <div
        class="leading-normal"
      >
        Friday the 13th
      </div>
    </a>
    <div
      class="ml-auto"
    >
      10
       / 
      12
    </div>
  </li>
  <li
    class="flex flex-row gap-x-4 px-gutter py-4 even:bg-subtle tablet:gap-x-6 tablet:px-6 items-center"
  >
    <a
      class="safari-border-radius-fix w-16 max-w-16 overflow-hidden rounded-[50%] shadow-all"
      href="/collections/hammer-films/"
    >
      <img
        alt="Hammer Films"
        decoding="async"
        height="64"
        loading="lazy"
        src="/_image?/content%2Fassets%2Favatars%2Fhammer-films.png%3ForigWidth%3D500%26origHeight%3D500%26origFormat%3Dpng&w=64&h=64&q=80&f=avif"
        srcset="/_image?/content%2Fassets%2Favatars%2Fhammer-films.png%3ForigWidth%3D500%26origHeight%3D500%26origFormat%3Dpng&w=64&q=80&f=avif 1x, /_image?/content%2Fassets%2Favatars%2Fhammer-films.png%3ForigWidth%3D500%26origHeight%3D500%26origFormat%3Dpng&w=128&q=80&f=avif 2x"
        width="64"
      />
    </a>
    <a
      class="text-md text-accent"
      href="/collections/hammer-films/"
    >
      <div
        class="leading-normal"
      >
        Hammer Films
      </div>
    </a>
    <div
      class="ml-auto"
    >
      10
       / 
      94
    </div>
  </li>
</ol>
`;

exports[`Collections > can sort by review count desc 1`] = `
<ol
  data-testid="list"
>
  <li
    class="flex flex-row gap-x-4 px-gutter py-4 even:bg-subtle tablet:gap-x-6 tablet:px-6 items-center"
  >
    <a
      class="safari-border-radius-fix w-16 max-w-16 overflow-hidden rounded-[50%] shadow-all"
      href="/collections/friday-the-13th/"
    >
      <img
        alt="Friday the 13th"
        decoding="async"
        height="64"
        loading="lazy"
        src="/_image?/content%2Fassets%2Favatars%2Ffriday-the-13th.png%3ForigWidth%3D500%26origHeight%3D500%26origFormat%3Dpng&w=64&h=64&q=80&f=avif"
        srcset="/_image?/content%2Fassets%2Favatars%2Ffriday-the-13th.png%3ForigWidth%3D500%26origHeight%3D500%26origFormat%3Dpng&w=64&q=80&f=avif 1x, /_image?/content%2Fassets%2Favatars%2Ffriday-the-13th.png%3ForigWidth%3D500%26origHeight%3D500%26origFormat%3Dpng&w=128&q=80&f=avif 2x"
        width="64"
      />
    </a>
    <a
      class="text-md text-accent"
      href="/collections/friday-the-13th/"
    >
      <div
        class="leading-normal"
      >
        Friday the 13th
      </div>
    </a>
    <div
      class="ml-auto"
    >
      10
       / 
      12
    </div>
  </li>
  <li
    class="flex flex-row gap-x-4 px-gutter py-4 even:bg-subtle tablet:gap-x-6 tablet:px-6 items-center"
  >
    <a
      class="safari-border-radius-fix w-16 max-w-16 overflow-hidden rounded-[50%] shadow-all"
      href="/collections/hammer-films/"
    >
      <img
        alt="Hammer Films"
        decoding="async"
        height="64"
        loading="lazy"
        src="/_image?/content%2Fassets%2Favatars%2Fhammer-films.png%3ForigWidth%3D500%26origHeight%3D500%26origFormat%3Dpng&w=64&h=64&q=80&f=avif"
        srcset="/_image?/content%2Fassets%2Favatars%2Fhammer-films.png%3ForigWidth%3D500%26origHeight%3D500%26origFormat%3Dpng&w=64&q=80&f=avif 1x, /_image?/content%2Fassets%2Favatars%2Fhammer-films.png%3ForigWidth%3D500%26origHeight%3D500%26origFormat%3Dpng&w=128&q=80&f=avif 2x"
        width="64"
      />
    </a>
    <a
      class="text-md text-accent"
      href="/collections/hammer-films/"
    >
      <div
        class="leading-normal"
      >
        Hammer Films
      </div>
    </a>
    <div
      class="ml-auto"
    >
      10
       / 
      94
    </div>
  </li>
  <li
    class="flex flex-row gap-x-4 px-gutter py-4 even:bg-subtle tablet:gap-x-6 tablet:px-6 items-center"
  >
    <a
      class="safari-border-radius-fix w-16 max-w-16 overflow-hidden rounded-[50%] shadow-all"
      href="/collections/childs-play/"
    >
      <img
        alt="Child's Play"
        decoding="async"
        height="64"
        loading="lazy"
        src="/_image?/content%2Fassets%2Favatars%2Fchilds-play.png%3ForigWidth%3D500%26origHeight%3D500%26origFormat%3Dpng&w=64&h=64&q=80&f=avif"
        srcset="/_image?/content%2Fassets%2Favatars%2Fchilds-play.png%3ForigWidth%3D500%26origHeight%3D500%26origFormat%3Dpng&w=64&q=80&f=avif 1x, /_image?/content%2Fassets%2Favatars%2Fchilds-play.png%3ForigWidth%3D500%26origHeight%3D500%26origFormat%3Dpng&w=128&q=80&f=avif 2x"
        width="64"
      />
    </a>
    <a
      class="text-md text-accent"
      href="/collections/childs-play/"
    >
      <div
        class="leading-normal"
      >
        Child's Play
      </div>
    </a>
    <div
      class="ml-auto"
    >
      8
       / 
      8
    </div>
  </li>
  <li
    class="flex flex-row gap-x-4 px-gutter py-4 even:bg-subtle tablet:gap-x-6 tablet:px-6 items-center"
  >
    <a
      class="safari-border-radius-fix w-16 max-w-16 overflow-hidden rounded-[50%] shadow-all"
      href="/collections/saw/"
    >
      <img
        alt="Saw"
        decoding="async"
        height="64"
        loading="lazy"
        src="/_image?/content%2Fassets%2Favatars%2Fsaw.png%3ForigWidth%3D500%26origHeight%3D500%26origFormat%3Dpng&w=64&h=64&q=80&f=avif"
        srcset="/_image?/content%2Fassets%2Favatars%2Fsaw.png%3ForigWidth%3D500%26origHeight%3D500%26origFormat%3Dpng&w=64&q=80&f=avif 1x, /_image?/content%2Fassets%2Favatars%2Fsaw.png%3ForigWidth%3D500%26origHeight%3D500%26origFormat%3Dpng&w=128&q=80&f=avif 2x"
        width="64"
      />
    </a>
    <a
      class="text-md text-accent"
      href="/collections/saw/"
    >
      <div
        class="leading-normal"
      >
        Saw
      </div>
    </a>
    <div
      class="ml-auto"
    >
      7
       / 
      9
    </div>
  </li>
  <li
    class="flex flex-row gap-x-4 px-gutter py-4 even:bg-subtle tablet:gap-x-6 tablet:px-6 items-center"
  >
    <a
      class="safari-border-radius-fix w-16 max-w-16 overflow-hidden rounded-[50%] shadow-all"
      href="/collections/shaw-brothers/"
    >
      <img
        alt="Shaw Brothers"
        decoding="async"
        height="64"
        loading="lazy"
        src="/_image?/content%2Fassets%2Favatars%2Fshaw-brothers.png%3ForigWidth%3D500%26origHeight%3D500%26origFormat%3Dpng&w=64&h=64&q=80&f=avif"
        srcset="/_image?/content%2Fassets%2Favatars%2Fshaw-brothers.png%3ForigWidth%3D500%26origHeight%3D500%26origFormat%3Dpng&w=64&q=80&f=avif 1x, /_image?/content%2Fassets%2Favatars%2Fshaw-brothers.png%3ForigWidth%3D500%26origHeight%3D500%26origFormat%3Dpng&w=128&q=80&f=avif 2x"
        width="64"
      />
    </a>
    <a
      class="text-md text-accent"
      href="/collections/shaw-brothers/"
    >
      <div
        class="leading-normal"
      >
        Shaw Brothers
      </div>
    </a>
    <div
      class="ml-auto"
    >
      7
       / 
      208
    </div>
  </li>
  <li
    class="flex flex-row gap-x-4 px-gutter py-4 even:bg-subtle tablet:gap-x-6 tablet:px-6 items-center"
  >
    <a
      class="safari-border-radius-fix w-16 max-w-16 overflow-hidden rounded-[50%] shadow-all"
      href="/collections/halloween/"
    >
      <img
        alt="Halloween"
        decoding="async"
        height="64"
        loading="lazy"
        src="/_image?/content%2Fassets%2Favatars%2Fhalloween.png%3ForigWidth%3D500%26origHeight%3D500%26origFormat%3Dpng&w=64&h=64&q=80&f=avif"
        srcset="/_image?/content%2Fassets%2Favatars%2Fhalloween.png%3ForigWidth%3D500%26origHeight%3D500%26origFormat%3Dpng&w=64&q=80&f=avif 1x, /_image?/content%2Fassets%2Favatars%2Fhalloween.png%3ForigWidth%3D500%26origHeight%3D500%26origFormat%3Dpng&w=128&q=80&f=avif 2x"
        width="64"
      />
    </a>
    <a
      class="text-md text-accent"
      href="/collections/halloween/"
    >
      <div
        class="leading-normal"
      >
        Halloween
      </div>
    </a>
    <div
      class="ml-auto"
    >
      6
       / 
      13
    </div>
  </li>
  <li
    class="flex flex-row gap-x-4 px-gutter py-4 even:bg-subtle tablet:gap-x-6 tablet:px-6 items-center"
  >
    <a
      class="safari-border-radius-fix w-16 max-w-16 overflow-hidden rounded-[50%] shadow-all"
      href="/collections/james-bond/"
    >
      <img
        alt="James Bond"
        decoding="async"
        height="64"
        loading="lazy"
        src="/_image?/content%2Fassets%2Favatars%2Fjames-bond.png%3ForigWidth%3D500%26origHeight%3D500%26origFormat%3Dpng&w=64&h=64&q=80&f=avif"
        srcset="/_image?/content%2Fassets%2Favatars%2Fjames-bond.png%3ForigWidth%3D500%26origHeight%3D500%26origFormat%3Dpng&w=64&q=80&f=avif 1x, /_image?/content%2Fassets%2Favatars%2Fjames-bond.png%3ForigWidth%3D500%26origHeight%3D500%26origFormat%3Dpng&w=128&q=80&f=avif 2x"
        width="64"
      />
    </a>
    <a
      class="text-md text-accent"
      href="/collections/james-bond/"
    >
      <div
        class="leading-normal"
      >
        James Bond
      </div>
    </a>
    <div
      class="ml-auto"
    >
      6
       / 
      27
    </div>
  </li>
  <li
    class="flex flex-row gap-x-4 px-gutter py-4 even:bg-subtle tablet:gap-x-6 tablet:px-6 items-center"
  >
    <a
      class="safari-border-radius-fix w-16 max-w-16 overflow-hidden rounded-[50%] shadow-all"
      href="/collections/phantasm/"
    >
      <img
        alt="Phantasm"
        decoding="async"
        height="64"
        loading="lazy"
        src="/_image?/content%2Fassets%2Favatars%2Fphantasm.png%3ForigWidth%3D500%26origHeight%3D500%26origFormat%3Dpng&w=64&h=64&q=80&f=avif"
        srcset="/_image?/content%2Fassets%2Favatars%2Fphantasm.png%3ForigWidth%3D500%26origHeight%3D500%26origFormat%3Dpng&w=64&q=80&f=avif 1x, /_image?/content%2Fassets%2Favatars%2Fphantasm.png%3ForigWidth%3D500%26origHeight%3D500%26origFormat%3Dpng&w=128&q=80&f=avif 2x"
        width="64"
      />
    </a>
    <a
      class="text-md text-accent"
      href="/collections/phantasm/"
    >
      <div
        class="leading-normal"
      >
        Phantasm
      </div>
    </a>
    <div
      class="ml-auto"
    >
      5
       / 
      5
    </div>
  </li>
  <li
    class="flex flex-row gap-x-4 px-gutter py-4 even:bg-subtle tablet:gap-x-6 tablet:px-6 items-center"
  >
    <a
      class="safari-border-radius-fix w-16 max-w-16 overflow-hidden rounded-[50%] shadow-all"
      href="/collections/hatchet/"
    >
      <img
        alt="Hatchet"
        decoding="async"
        height="64"
        loading="lazy"
        src="/_image?/content%2Fassets%2Favatars%2Fhatchet.png%3ForigWidth%3D500%26origHeight%3D500%26origFormat%3Dpng&w=64&h=64&q=80&f=avif"
        srcset="/_image?/content%2Fassets%2Favatars%2Fhatchet.png%3ForigWidth%3D500%26origHeight%3D500%26origFormat%3Dpng&w=64&q=80&f=avif 1x, /_image?/content%2Fassets%2Favatars%2Fhatchet.png%3ForigWidth%3D500%26origHeight%3D500%26origFormat%3Dpng&w=128&q=80&f=avif 2x"
        width="64"
      />
    </a>
    <a
      class="text-md text-accent"
      href="/collections/hatchet/"
    >
      <div
        class="leading-normal"
      >
        Hatchet
      </div>
    </a>
    <div
      class="ml-auto"
    >
      4
       / 
      4
    </div>
  </li>
  <li
    class="flex flex-row gap-x-4 px-gutter py-4 even:bg-subtle tablet:gap-x-6 tablet:px-6 items-center"
  >
    <a
      class="safari-border-radius-fix w-16 max-w-16 overflow-hidden rounded-[50%] shadow-all"
      href="/collections/universal-monsters/"
    >
      <img
        alt="Universal Monsters"
        decoding="async"
        height="64"
        loading="lazy"
        src="/_image?/content%2Fassets%2Favatars%2Funiversal-monsters.png%3ForigWidth%3D500%26origHeight%3D500%26origFormat%3Dpng&w=64&h=64&q=80&f=avif"
        srcset="/_image?/content%2Fassets%2Favatars%2Funiversal-monsters.png%3ForigWidth%3D500%26origHeight%3D500%26origFormat%3Dpng&w=64&q=80&f=avif 1x, /_image?/content%2Fassets%2Favatars%2Funiversal-monsters.png%3ForigWidth%3D500%26origHeight%3D500%26origFormat%3Dpng&w=128&q=80&f=avif 2x"
        width="64"
      />
    </a>
    <a
      class="text-md text-accent"
      href="/collections/universal-monsters/"
    >
      <div
        class="leading-normal"
      >
        Universal Monsters
      </div>
    </a>
    <div
      class="ml-auto"
    >
      3
       / 
      29
    </div>
  </li>
</ol>
`;

exports[`Collections > can sort by title count asc 1`] = `
<ol
  data-testid="list"
>
  <li
    class="flex flex-row gap-x-4 px-gutter py-4 even:bg-subtle tablet:gap-x-6 tablet:px-6 items-center"
  >
    <a
      class="safari-border-radius-fix w-16 max-w-16 overflow-hidden rounded-[50%] shadow-all"
      href="/collections/hatchet/"
    >
      <img
        alt="Hatchet"
        decoding="async"
        height="64"
        loading="lazy"
        src="/_image?/content%2Fassets%2Favatars%2Fhatchet.png%3ForigWidth%3D500%26origHeight%3D500%26origFormat%3Dpng&w=64&h=64&q=80&f=avif"
        srcset="/_image?/content%2Fassets%2Favatars%2Fhatchet.png%3ForigWidth%3D500%26origHeight%3D500%26origFormat%3Dpng&w=64&q=80&f=avif 1x, /_image?/content%2Fassets%2Favatars%2Fhatchet.png%3ForigWidth%3D500%26origHeight%3D500%26origFormat%3Dpng&w=128&q=80&f=avif 2x"
        width="64"
      />
    </a>
    <a
      class="text-md text-accent"
      href="/collections/hatchet/"
    >
      <div
        class="leading-normal"
      >
        Hatchet
      </div>
    </a>
    <div
      class="ml-auto"
    >
      4
       / 
      4
    </div>
  </li>
  <li
    class="flex flex-row gap-x-4 px-gutter py-4 even:bg-subtle tablet:gap-x-6 tablet:px-6 items-center"
  >
    <a
      class="safari-border-radius-fix w-16 max-w-16 overflow-hidden rounded-[50%] shadow-all"
      href="/collections/phantasm/"
    >
      <img
        alt="Phantasm"
        decoding="async"
        height="64"
        loading="lazy"
        src="/_image?/content%2Fassets%2Favatars%2Fphantasm.png%3ForigWidth%3D500%26origHeight%3D500%26origFormat%3Dpng&w=64&h=64&q=80&f=avif"
        srcset="/_image?/content%2Fassets%2Favatars%2Fphantasm.png%3ForigWidth%3D500%26origHeight%3D500%26origFormat%3Dpng&w=64&q=80&f=avif 1x, /_image?/content%2Fassets%2Favatars%2Fphantasm.png%3ForigWidth%3D500%26origHeight%3D500%26origFormat%3Dpng&w=128&q=80&f=avif 2x"
        width="64"
      />
    </a>
    <a
      class="text-md text-accent"
      href="/collections/phantasm/"
    >
      <div
        class="leading-normal"
      >
        Phantasm
      </div>
    </a>
    <div
      class="ml-auto"
    >
      5
       / 
      5
    </div>
  </li>
  <li
    class="flex flex-row gap-x-4 px-gutter py-4 even:bg-subtle tablet:gap-x-6 tablet:px-6 items-center"
  >
    <a
      class="safari-border-radius-fix w-16 max-w-16 overflow-hidden rounded-[50%] shadow-all"
      href="/collections/childs-play/"
    >
      <img
        alt="Child's Play"
        decoding="async"
        height="64"
        loading="lazy"
        src="/_image?/content%2Fassets%2Favatars%2Fchilds-play.png%3ForigWidth%3D500%26origHeight%3D500%26origFormat%3Dpng&w=64&h=64&q=80&f=avif"
        srcset="/_image?/content%2Fassets%2Favatars%2Fchilds-play.png%3ForigWidth%3D500%26origHeight%3D500%26origFormat%3Dpng&w=64&q=80&f=avif 1x, /_image?/content%2Fassets%2Favatars%2Fchilds-play.png%3ForigWidth%3D500%26origHeight%3D500%26origFormat%3Dpng&w=128&q=80&f=avif 2x"
        width="64"
      />
    </a>
    <a
      class="text-md text-accent"
      href="/collections/childs-play/"
    >
      <div
        class="leading-normal"
      >
        Child's Play
      </div>
    </a>
    <div
      class="ml-auto"
    >
      8
       / 
      8
    </div>
  </li>
  <li
    class="flex flex-row gap-x-4 px-gutter py-4 even:bg-subtle tablet:gap-x-6 tablet:px-6 items-center"
  >
    <a
      class="safari-border-radius-fix w-16 max-w-16 overflow-hidden rounded-[50%] shadow-all"
      href="/collections/saw/"
    >
      <img
        alt="Saw"
        decoding="async"
        height="64"
        loading="lazy"
        src="/_image?/content%2Fassets%2Favatars%2Fsaw.png%3ForigWidth%3D500%26origHeight%3D500%26origFormat%3Dpng&w=64&h=64&q=80&f=avif"
        srcset="/_image?/content%2Fassets%2Favatars%2Fsaw.png%3ForigWidth%3D500%26origHeight%3D500%26origFormat%3Dpng&w=64&q=80&f=avif 1x, /_image?/content%2Fassets%2Favatars%2Fsaw.png%3ForigWidth%3D500%26origHeight%3D500%26origFormat%3Dpng&w=128&q=80&f=avif 2x"
        width="64"
      />
    </a>
    <a
      class="text-md text-accent"
      href="/collections/saw/"
    >
      <div
        class="leading-normal"
      >
        Saw
      </div>
    </a>
    <div
      class="ml-auto"
    >
      7
       / 
      9
    </div>
  </li>
  <li
    class="flex flex-row gap-x-4 px-gutter py-4 even:bg-subtle tablet:gap-x-6 tablet:px-6 items-center"
  >
    <a
      class="safari-border-radius-fix w-16 max-w-16 overflow-hidden rounded-[50%] shadow-all"
      href="/collections/friday-the-13th/"
    >
      <img
        alt="Friday the 13th"
        decoding="async"
        height="64"
        loading="lazy"
        src="/_image?/content%2Fassets%2Favatars%2Ffriday-the-13th.png%3ForigWidth%3D500%26origHeight%3D500%26origFormat%3Dpng&w=64&h=64&q=80&f=avif"
        srcset="/_image?/content%2Fassets%2Favatars%2Ffriday-the-13th.png%3ForigWidth%3D500%26origHeight%3D500%26origFormat%3Dpng&w=64&q=80&f=avif 1x, /_image?/content%2Fassets%2Favatars%2Ffriday-the-13th.png%3ForigWidth%3D500%26origHeight%3D500%26origFormat%3Dpng&w=128&q=80&f=avif 2x"
        width="64"
      />
    </a>
    <a
      class="text-md text-accent"
      href="/collections/friday-the-13th/"
    >
      <div
        class="leading-normal"
      >
        Friday the 13th
      </div>
    </a>
    <div
      class="ml-auto"
    >
      10
       / 
      12
    </div>
  </li>
  <li
    class="flex flex-row gap-x-4 px-gutter py-4 even:bg-subtle tablet:gap-x-6 tablet:px-6 items-center"
  >
    <a
      class="safari-border-radius-fix w-16 max-w-16 overflow-hidden rounded-[50%] shadow-all"
      href="/collections/halloween/"
    >
      <img
        alt="Halloween"
        decoding="async"
        height="64"
        loading="lazy"
        src="/_image?/content%2Fassets%2Favatars%2Fhalloween.png%3ForigWidth%3D500%26origHeight%3D500%26origFormat%3Dpng&w=64&h=64&q=80&f=avif"
        srcset="/_image?/content%2Fassets%2Favatars%2Fhalloween.png%3ForigWidth%3D500%26origHeight%3D500%26origFormat%3Dpng&w=64&q=80&f=avif 1x, /_image?/content%2Fassets%2Favatars%2Fhalloween.png%3ForigWidth%3D500%26origHeight%3D500%26origFormat%3Dpng&w=128&q=80&f=avif 2x"
        width="64"
      />
    </a>
    <a
      class="text-md text-accent"
      href="/collections/halloween/"
    >
      <div
        class="leading-normal"
      >
        Halloween
      </div>
    </a>
    <div
      class="ml-auto"
    >
      6
       / 
      13
    </div>
  </li>
  <li
    class="flex flex-row gap-x-4 px-gutter py-4 even:bg-subtle tablet:gap-x-6 tablet:px-6 items-center"
  >
    <a
      class="safari-border-radius-fix w-16 max-w-16 overflow-hidden rounded-[50%] shadow-all"
      href="/collections/james-bond/"
    >
      <img
        alt="James Bond"
        decoding="async"
        height="64"
        loading="lazy"
        src="/_image?/content%2Fassets%2Favatars%2Fjames-bond.png%3ForigWidth%3D500%26origHeight%3D500%26origFormat%3Dpng&w=64&h=64&q=80&f=avif"
        srcset="/_image?/content%2Fassets%2Favatars%2Fjames-bond.png%3ForigWidth%3D500%26origHeight%3D500%26origFormat%3Dpng&w=64&q=80&f=avif 1x, /_image?/content%2Fassets%2Favatars%2Fjames-bond.png%3ForigWidth%3D500%26origHeight%3D500%26origFormat%3Dpng&w=128&q=80&f=avif 2x"
        width="64"
      />
    </a>
    <a
      class="text-md text-accent"
      href="/collections/james-bond/"
    >
      <div
        class="leading-normal"
      >
        James Bond
      </div>
    </a>
    <div
      class="ml-auto"
    >
      6
       / 
      27
    </div>
  </li>
  <li
    class="flex flex-row gap-x-4 px-gutter py-4 even:bg-subtle tablet:gap-x-6 tablet:px-6 items-center"
  >
    <a
      class="safari-border-radius-fix w-16 max-w-16 overflow-hidden rounded-[50%] shadow-all"
      href="/collections/universal-monsters/"
    >
      <img
        alt="Universal Monsters"
        decoding="async"
        height="64"
        loading="lazy"
        src="/_image?/content%2Fassets%2Favatars%2Funiversal-monsters.png%3ForigWidth%3D500%26origHeight%3D500%26origFormat%3Dpng&w=64&h=64&q=80&f=avif"
        srcset="/_image?/content%2Fassets%2Favatars%2Funiversal-monsters.png%3ForigWidth%3D500%26origHeight%3D500%26origFormat%3Dpng&w=64&q=80&f=avif 1x, /_image?/content%2Fassets%2Favatars%2Funiversal-monsters.png%3ForigWidth%3D500%26origHeight%3D500%26origFormat%3Dpng&w=128&q=80&f=avif 2x"
        width="64"
      />
    </a>
    <a
      class="text-md text-accent"
      href="/collections/universal-monsters/"
    >
      <div
        class="leading-normal"
      >
        Universal Monsters
      </div>
    </a>
    <div
      class="ml-auto"
    >
      3
       / 
      29
    </div>
  </li>
  <li
    class="flex flex-row gap-x-4 px-gutter py-4 even:bg-subtle tablet:gap-x-6 tablet:px-6 items-center"
  >
    <a
      class="safari-border-radius-fix w-16 max-w-16 overflow-hidden rounded-[50%] shadow-all"
      href="/collections/hammer-films/"
    >
      <img
        alt="Hammer Films"
        decoding="async"
        height="64"
        loading="lazy"
        src="/_image?/content%2Fassets%2Favatars%2Fhammer-films.png%3ForigWidth%3D500%26origHeight%3D500%26origFormat%3Dpng&w=64&h=64&q=80&f=avif"
        srcset="/_image?/content%2Fassets%2Favatars%2Fhammer-films.png%3ForigWidth%3D500%26origHeight%3D500%26origFormat%3Dpng&w=64&q=80&f=avif 1x, /_image?/content%2Fassets%2Favatars%2Fhammer-films.png%3ForigWidth%3D500%26origHeight%3D500%26origFormat%3Dpng&w=128&q=80&f=avif 2x"
        width="64"
      />
    </a>
    <a
      class="text-md text-accent"
      href="/collections/hammer-films/"
    >
      <div
        class="leading-normal"
      >
        Hammer Films
      </div>
    </a>
    <div
      class="ml-auto"
    >
      10
       / 
      94
    </div>
  </li>
  <li
    class="flex flex-row gap-x-4 px-gutter py-4 even:bg-subtle tablet:gap-x-6 tablet:px-6 items-center"
  >
    <a
      class="safari-border-radius-fix w-16 max-w-16 overflow-hidden rounded-[50%] shadow-all"
      href="/collections/shaw-brothers/"
    >
      <img
        alt="Shaw Brothers"
        decoding="async"
        height="64"
        loading="lazy"
        src="/_image?/content%2Fassets%2Favatars%2Fshaw-brothers.png%3ForigWidth%3D500%26origHeight%3D500%26origFormat%3Dpng&w=64&h=64&q=80&f=avif"
        srcset="/_image?/content%2Fassets%2Favatars%2Fshaw-brothers.png%3ForigWidth%3D500%26origHeight%3D500%26origFormat%3Dpng&w=64&q=80&f=avif 1x, /_image?/content%2Fassets%2Favatars%2Fshaw-brothers.png%3ForigWidth%3D500%26origHeight%3D500%26origFormat%3Dpng&w=128&q=80&f=avif 2x"
        width="64"
      />
    </a>
    <a
      class="text-md text-accent"
      href="/collections/shaw-brothers/"
    >
      <div
        class="leading-normal"
      >
        Shaw Brothers
      </div>
    </a>
    <div
      class="ml-auto"
    >
      7
       / 
      208
    </div>
  </li>
</ol>
`;

exports[`Collections > can sort by title count desc 1`] = `
<ol
  data-testid="list"
>
  <li
    class="flex flex-row gap-x-4 px-gutter py-4 even:bg-subtle tablet:gap-x-6 tablet:px-6 items-center"
  >
    <a
      class="safari-border-radius-fix w-16 max-w-16 overflow-hidden rounded-[50%] shadow-all"
      href="/collections/shaw-brothers/"
    >
      <img
        alt="Shaw Brothers"
        decoding="async"
        height="64"
        loading="lazy"
        src="/_image?/content%2Fassets%2Favatars%2Fshaw-brothers.png%3ForigWidth%3D500%26origHeight%3D500%26origFormat%3Dpng&w=64&h=64&q=80&f=avif"
        srcset="/_image?/content%2Fassets%2Favatars%2Fshaw-brothers.png%3ForigWidth%3D500%26origHeight%3D500%26origFormat%3Dpng&w=64&q=80&f=avif 1x, /_image?/content%2Fassets%2Favatars%2Fshaw-brothers.png%3ForigWidth%3D500%26origHeight%3D500%26origFormat%3Dpng&w=128&q=80&f=avif 2x"
        width="64"
      />
    </a>
    <a
      class="text-md text-accent"
      href="/collections/shaw-brothers/"
    >
      <div
        class="leading-normal"
      >
        Shaw Brothers
      </div>
    </a>
    <div
      class="ml-auto"
    >
      7
       / 
      208
    </div>
  </li>
  <li
    class="flex flex-row gap-x-4 px-gutter py-4 even:bg-subtle tablet:gap-x-6 tablet:px-6 items-center"
  >
    <a
      class="safari-border-radius-fix w-16 max-w-16 overflow-hidden rounded-[50%] shadow-all"
      href="/collections/hammer-films/"
    >
      <img
        alt="Hammer Films"
        decoding="async"
        height="64"
        loading="lazy"
        src="/_image?/content%2Fassets%2Favatars%2Fhammer-films.png%3ForigWidth%3D500%26origHeight%3D500%26origFormat%3Dpng&w=64&h=64&q=80&f=avif"
        srcset="/_image?/content%2Fassets%2Favatars%2Fhammer-films.png%3ForigWidth%3D500%26origHeight%3D500%26origFormat%3Dpng&w=64&q=80&f=avif 1x, /_image?/content%2Fassets%2Favatars%2Fhammer-films.png%3ForigWidth%3D500%26origHeight%3D500%26origFormat%3Dpng&w=128&q=80&f=avif 2x"
        width="64"
      />
    </a>
    <a
      class="text-md text-accent"
      href="/collections/hammer-films/"
    >
      <div
        class="leading-normal"
      >
        Hammer Films
      </div>
    </a>
    <div
      class="ml-auto"
    >
      10
       / 
      94
    </div>
  </li>
  <li
    class="flex flex-row gap-x-4 px-gutter py-4 even:bg-subtle tablet:gap-x-6 tablet:px-6 items-center"
  >
    <a
      class="safari-border-radius-fix w-16 max-w-16 overflow-hidden rounded-[50%] shadow-all"
      href="/collections/universal-monsters/"
    >
      <img
        alt="Universal Monsters"
        decoding="async"
        height="64"
        loading="lazy"
        src="/_image?/content%2Fassets%2Favatars%2Funiversal-monsters.png%3ForigWidth%3D500%26origHeight%3D500%26origFormat%3Dpng&w=64&h=64&q=80&f=avif"
        srcset="/_image?/content%2Fassets%2Favatars%2Funiversal-monsters.png%3ForigWidth%3D500%26origHeight%3D500%26origFormat%3Dpng&w=64&q=80&f=avif 1x, /_image?/content%2Fassets%2Favatars%2Funiversal-monsters.png%3ForigWidth%3D500%26origHeight%3D500%26origFormat%3Dpng&w=128&q=80&f=avif 2x"
        width="64"
      />
    </a>
    <a
      class="text-md text-accent"
      href="/collections/universal-monsters/"
    >
      <div
        class="leading-normal"
      >
        Universal Monsters
      </div>
    </a>
    <div
      class="ml-auto"
    >
      3
       / 
      29
    </div>
  </li>
  <li
    class="flex flex-row gap-x-4 px-gutter py-4 even:bg-subtle tablet:gap-x-6 tablet:px-6 items-center"
  >
    <a
      class="safari-border-radius-fix w-16 max-w-16 overflow-hidden rounded-[50%] shadow-all"
      href="/collections/james-bond/"
    >
      <img
        alt="James Bond"
        decoding="async"
        height="64"
        loading="lazy"
        src="/_image?/content%2Fassets%2Favatars%2Fjames-bond.png%3ForigWidth%3D500%26origHeight%3D500%26origFormat%3Dpng&w=64&h=64&q=80&f=avif"
        srcset="/_image?/content%2Fassets%2Favatars%2Fjames-bond.png%3ForigWidth%3D500%26origHeight%3D500%26origFormat%3Dpng&w=64&q=80&f=avif 1x, /_image?/content%2Fassets%2Favatars%2Fjames-bond.png%3ForigWidth%3D500%26origHeight%3D500%26origFormat%3Dpng&w=128&q=80&f=avif 2x"
        width="64"
      />
    </a>
    <a
      class="text-md text-accent"
      href="/collections/james-bond/"
    >
      <div
        class="leading-normal"
      >
        James Bond
      </div>
    </a>
    <div
      class="ml-auto"
    >
      6
       / 
      27
    </div>
  </li>
  <li
    class="flex flex-row gap-x-4 px-gutter py-4 even:bg-subtle tablet:gap-x-6 tablet:px-6 items-center"
  >
    <a
      class="safari-border-radius-fix w-16 max-w-16 overflow-hidden rounded-[50%] shadow-all"
      href="/collections/halloween/"
    >
      <img
        alt="Halloween"
        decoding="async"
        height="64"
        loading="lazy"
        src="/_image?/content%2Fassets%2Favatars%2Fhalloween.png%3ForigWidth%3D500%26origHeight%3D500%26origFormat%3Dpng&w=64&h=64&q=80&f=avif"
        srcset="/_image?/content%2Fassets%2Favatars%2Fhalloween.png%3ForigWidth%3D500%26origHeight%3D500%26origFormat%3Dpng&w=64&q=80&f=avif 1x, /_image?/content%2Fassets%2Favatars%2Fhalloween.png%3ForigWidth%3D500%26origHeight%3D500%26origFormat%3Dpng&w=128&q=80&f=avif 2x"
        width="64"
      />
    </a>
    <a
      class="text-md text-accent"
      href="/collections/halloween/"
    >
      <div
        class="leading-normal"
      >
        Halloween
      </div>
    </a>
    <div
      class="ml-auto"
    >
      6
       / 
      13
    </div>
  </li>
  <li
    class="flex flex-row gap-x-4 px-gutter py-4 even:bg-subtle tablet:gap-x-6 tablet:px-6 items-center"
  >
    <a
      class="safari-border-radius-fix w-16 max-w-16 overflow-hidden rounded-[50%] shadow-all"
      href="/collections/friday-the-13th/"
    >
      <img
        alt="Friday the 13th"
        decoding="async"
        height="64"
        loading="lazy"
        src="/_image?/content%2Fassets%2Favatars%2Ffriday-the-13th.png%3ForigWidth%3D500%26origHeight%3D500%26origFormat%3Dpng&w=64&h=64&q=80&f=avif"
        srcset="/_image?/content%2Fassets%2Favatars%2Ffriday-the-13th.png%3ForigWidth%3D500%26origHeight%3D500%26origFormat%3Dpng&w=64&q=80&f=avif 1x, /_image?/content%2Fassets%2Favatars%2Ffriday-the-13th.png%3ForigWidth%3D500%26origHeight%3D500%26origFormat%3Dpng&w=128&q=80&f=avif 2x"
        width="64"
      />
    </a>
    <a
      class="text-md text-accent"
      href="/collections/friday-the-13th/"
    >
      <div
        class="leading-normal"
      >
        Friday the 13th
      </div>
    </a>
    <div
      class="ml-auto"
    >
      10
       / 
      12
    </div>
  </li>
  <li
    class="flex flex-row gap-x-4 px-gutter py-4 even:bg-subtle tablet:gap-x-6 tablet:px-6 items-center"
  >
    <a
      class="safari-border-radius-fix w-16 max-w-16 overflow-hidden rounded-[50%] shadow-all"
      href="/collections/saw/"
    >
      <img
        alt="Saw"
        decoding="async"
        height="64"
        loading="lazy"
        src="/_image?/content%2Fassets%2Favatars%2Fsaw.png%3ForigWidth%3D500%26origHeight%3D500%26origFormat%3Dpng&w=64&h=64&q=80&f=avif"
        srcset="/_image?/content%2Fassets%2Favatars%2Fsaw.png%3ForigWidth%3D500%26origHeight%3D500%26origFormat%3Dpng&w=64&q=80&f=avif 1x, /_image?/content%2Fassets%2Favatars%2Fsaw.png%3ForigWidth%3D500%26origHeight%3D500%26origFormat%3Dpng&w=128&q=80&f=avif 2x"
        width="64"
      />
    </a>
    <a
      class="text-md text-accent"
      href="/collections/saw/"
    >
      <div
        class="leading-normal"
      >
        Saw
      </div>
    </a>
    <div
      class="ml-auto"
    >
      7
       / 
      9
    </div>
  </li>
  <li
    class="flex flex-row gap-x-4 px-gutter py-4 even:bg-subtle tablet:gap-x-6 tablet:px-6 items-center"
  >
    <a
      class="safari-border-radius-fix w-16 max-w-16 overflow-hidden rounded-[50%] shadow-all"
      href="/collections/childs-play/"
    >
      <img
        alt="Child's Play"
        decoding="async"
        height="64"
        loading="lazy"
        src="/_image?/content%2Fassets%2Favatars%2Fchilds-play.png%3ForigWidth%3D500%26origHeight%3D500%26origFormat%3Dpng&w=64&h=64&q=80&f=avif"
        srcset="/_image?/content%2Fassets%2Favatars%2Fchilds-play.png%3ForigWidth%3D500%26origHeight%3D500%26origFormat%3Dpng&w=64&q=80&f=avif 1x, /_image?/content%2Fassets%2Favatars%2Fchilds-play.png%3ForigWidth%3D500%26origHeight%3D500%26origFormat%3Dpng&w=128&q=80&f=avif 2x"
        width="64"
      />
    </a>
    <a
      class="text-md text-accent"
      href="/collections/childs-play/"
    >
      <div
        class="leading-normal"
      >
        Child's Play
      </div>
    </a>
    <div
      class="ml-auto"
    >
      8
       / 
      8
    </div>
  </li>
  <li
    class="flex flex-row gap-x-4 px-gutter py-4 even:bg-subtle tablet:gap-x-6 tablet:px-6 items-center"
  >
    <a
      class="safari-border-radius-fix w-16 max-w-16 overflow-hidden rounded-[50%] shadow-all"
      href="/collections/phantasm/"
    >
      <img
        alt="Phantasm"
        decoding="async"
        height="64"
        loading="lazy"
        src="/_image?/content%2Fassets%2Favatars%2Fphantasm.png%3ForigWidth%3D500%26origHeight%3D500%26origFormat%3Dpng&w=64&h=64&q=80&f=avif"
        srcset="/_image?/content%2Fassets%2Favatars%2Fphantasm.png%3ForigWidth%3D500%26origHeight%3D500%26origFormat%3Dpng&w=64&q=80&f=avif 1x, /_image?/content%2Fassets%2Favatars%2Fphantasm.png%3ForigWidth%3D500%26origHeight%3D500%26origFormat%3Dpng&w=128&q=80&f=avif 2x"
        width="64"
      />
    </a>
    <a
      class="text-md text-accent"
      href="/collections/phantasm/"
    >
      <div
        class="leading-normal"
      >
        Phantasm
      </div>
    </a>
    <div
      class="ml-auto"
    >
      5
       / 
      5
    </div>
  </li>
  <li
    class="flex flex-row gap-x-4 px-gutter py-4 even:bg-subtle tablet:gap-x-6 tablet:px-6 items-center"
  >
    <a
      class="safari-border-radius-fix w-16 max-w-16 overflow-hidden rounded-[50%] shadow-all"
      href="/collections/hatchet/"
    >
      <img
        alt="Hatchet"
        decoding="async"
        height="64"
        loading="lazy"
        src="/_image?/content%2Fassets%2Favatars%2Fhatchet.png%3ForigWidth%3D500%26origHeight%3D500%26origFormat%3Dpng&w=64&h=64&q=80&f=avif"
        srcset="/_image?/content%2Fassets%2Favatars%2Fhatchet.png%3ForigWidth%3D500%26origHeight%3D500%26origFormat%3Dpng&w=64&q=80&f=avif 1x, /_image?/content%2Fassets%2Favatars%2Fhatchet.png%3ForigWidth%3D500%26origHeight%3D500%26origFormat%3Dpng&w=128&q=80&f=avif 2x"
        width="64"
      />
    </a>
    <a
      class="text-md text-accent"
      href="/collections/hatchet/"
    >
      <div
        class="leading-normal"
      >
        Hatchet
      </div>
    </a>
    <div
      class="ml-auto"
    >
      4
       / 
      4
    </div>
  </li>
</ol>
`;
